
--- Job F Dual.gms Start 10/02/26 16:52:10 54.4.0 9a60ae27 WEX-WEI x86 64bit/MS Windows
--- Applying:
    C:\GAMS\54\gmsprmNT.txt
--- GAMS Parameters defined
    Input "C:\Users\samto\OneDrive - USU\CEE6410\Github Local\CEE-6410-Torgersen-Gonzalez\F\F Dual.gms"
    PageSize 0
    ScrDir "C:\Users\samto\OneDrive - USU\CEE6410\Github Local\CEE-6410-Torgersen-Gonzalez\F\225e\"
    SysDir C:\GAMS\54\
    LogOption 3
    AppendLog 1
    ErrMsg 1
    ErrorLog 99
    IDE 1
    LstTitleLeftAligned 1
Licensee: Course License                                 G260818+0003Ac-GEN
          Utah State University                                     DCE5615
          225e\gamslice.dat
          1d9a2824-f32d-4897
          node:88380905 mem:32 cores:8 ipport:63401 v:2                    
          Course license for use within the course and related course work
          The time-limited license stops working on : Jun 14, 2027
System information: 8 physical cores and 32 Gb physical memory detected
GAMS 54.4.0   Copyright (C) 1987-2026 GAMS Development. All rights reserved
--- Starting compilation
--- F Dual.gms(98) 3 Mb
--- Starting execution: elapsed 0:00:00.014
--- F Dual.gms(76) 4 Mb
--- Generating LP model PLANT_PRIMAL
--- F Dual.gms(84) 4 Mb
---   5 rows  3 columns  10 non-zeroes
--- Range statistics (absolute non-zero finite values)
--- RHS       [min, max] : [ 6.000E+03, 1.800E+04] - Zero values observed as well
--- Bound     [min, max] : [ 5.000E+00, 5.000E+00]
--- Matrix    [min, max] : [ 1.000E+00, 1.200E+02]
--- Executing CPLEX (Solvelink=2): elapsed 0:00:00.018

IBM ILOG CPLEX   54.4.0 9a60ae27 Sep 9, 2026           WEI x86 64bit/MS Window

*** This solver runs with a community license.

--- Reading option file 'C:\Users\samto\OneDrive - USU\CEE6410\Github Local\CEE-6410-Torgersen-Gonzalez\F\cplex.opt' failed: Cannot open file.

--- GMO setup time: 0.00s
--- GMO memory 0.50 Mb (peak 0.50 Mb)
--- Dictionary memory 0.00 Mb
--- Cplex 22.1.2.0 link memory 0.00 Mb (peak 0.00 Mb)
--- Starting Cplex

Version identifier: 22.1.2.0 | 2024-11-25 | 0edbb82fd
CPXPARAM_Advance                                 0
CPXPARAM_Simplex_Display                         2
CPXPARAM_MIP_Display                             4
CPXPARAM_MIP_Pool_Capacity                       0
CPXPARAM_Preprocessing_QCPDuals                  0
CPXPARAM_MIP_Tolerances_AbsMIPGap                0
Tried aggregator 1 time.
LP Presolve eliminated 1 rows and 1 columns.
Reduced LP has 3 rows, 2 columns, and 6 nonzeros.
Presolve time = 0.00 sec. (0.00 ticks)

Iteration      Dual Objective            In Variable           Out Variable
     1  I            0.000000               X(Grain)RES_CONS_PRIMAL(J slack
     2         1213333.333333                 X(Hay)RES_CONS_PRIMAL(J slack
     3         1160000.000000RES_CONS_PRIMAL(J slackRES_CONS_PRIMAL(L slack

--- LP status (1): optimal.
--- Cplex Time: 0.00sec (det. 0.01 ticks)


Optimal solution found
Objective:      1160000.000000

--- Reading solution for model PLANT_PRIMAL
--- Executing after solve: elapsed 0:00:00.067
--- Generating LP model PLANT_DUAL
--- F Dual.gms(88) 4 Mb
---   3 rows  5 columns  12 non-zeroes
--- Range statistics (absolute non-zero finite values)
--- RHS       [min, max] : [ 1.000E+02, 1.200E+02] - Zero values observed as well
--- Bound     [min, max] : [        NA,        NA] - Zero values observed as well
--- Matrix    [min, max] : [ 1.000E+00, 1.800E+04]
--- Executing CPLEX (Solvelink=2): elapsed 0:00:00.069

IBM ILOG CPLEX   54.4.0 9a60ae27 Sep 9, 2026           WEI x86 64bit/MS Window

*** This solver runs with a community license.
--- GMO setup time: 0.00s
--- GMO memory 0.50 Mb (peak 0.50 Mb)
--- Dictionary memory 0.00 Mb
--- Cplex 22.1.2.0 link memory 0.00 Mb (peak 0.00 Mb)
--- Starting Cplex

Version identifier: 22.1.2.0 | 2024-11-25 | 0edbb82fd
CPXPARAM_Advance                                 0
CPXPARAM_Simplex_Display                         2
CPXPARAM_MIP_Display                             4
CPXPARAM_MIP_Pool_Capacity                       0
CPXPARAM_Preprocessing_QCPDuals                  0
CPXPARAM_MIP_Tolerances_AbsMIPGap                0
Tried aggregator 1 time.
LP Presolve eliminated 0 rows and 1 columns.
Reduced LP has 2 rows, 4 columns, and 7 nonzeros.
Presolve time = 0.00 sec. (0.00 ticks)

Iteration      Dual Objective            In Variable           Out Variable
     1         1080000.000000                Y(July)RES_CONS_DUAL(Gra slack
     2         1160000.000000                Y(Land)RES_CONS_DUAL(Hay slack

--- LP status (1): optimal.
--- Cplex Time: 0.00sec (det. 0.00 ticks)


Optimal solution found
Objective:      1160000.000000

--- Reading solution for model PLANT_DUAL
--- Executing after solve: elapsed 0:00:00.115
--- F Dual.gms(94) 4 Mb
--- GDX File (execute_unload) C:\Users\samto\OneDrive - USU\CEE6410\Github Local\CEE-6410-Torgersen-Gonzalez\F\Ex2-1Dual.gdx
--- F Dual.gms(96) 4 Mb
GDX2XLS          54.4.0 9a60ae27 Sep 9, 2026           WEI x86 64bit/MS Window
Output file: C:\Users\samto\OneDrive - USU\CEE6410\Github Local\CEE-6410-Torgersen-Gonzalez\F\Ex2-1Dual.xlsx
(Created backup file)
*** Status: Normal completion
--- Job F Dual.gms Stop 10/02/26 16:52:12 elapsed 0:00:02.033
Cannot delete directory: 225e
Cannot delete directory: 225e
Cannot delete directory: 225e
Cannot delete directory: 225e
Cannot delete directory: 225e
*** Error: Cannot delete process directory: 225e
